// Vitest Snapshot v1, https://vitest.dev/guide/snapshot.html

exports[`matches snapshot 1`] = `
<UserCard
  data={
    {
      "avatar_url": "https://avatars.githubusercontent.com/u/46235432?v=4",
      "events_url": "https://api.github.com/users/rizafauzi/events{/privacy}",
      "followers_url": "https://api.github.com/users/rizafauzi/followers",
      "following_url": "https://api.github.com/users/rizafauzi/following{/other_user}",
      "gists_url": "https://api.github.com/users/rizafauzi/gists{/gist_id}",
      "gravatar_id": "",
      "html_url": "https://github.com/rizafauzi",
      "id": 46235432,
      "login": "rizafauzi",
      "node_id": "MDQ6VXNlcjQ2MjM1NDMy",
      "organizations_url": "https://api.github.com/users/rizafauzi/orgs",
      "received_events_url": "https://api.github.com/users/rizafauzi/received_events",
      "repos_url": "https://api.github.com/users/rizafauzi/repos",
      "score": 1,
      "site_admin": false,
      "starred_url": "https://api.github.com/users/rizafauzi/starred{/owner}{/repo}",
      "subscriptions_url": "https://api.github.com/users/rizafauzi/subscriptions",
      "type": "User",
      "url": "https://api.github.com/users/rizafauzi",
    }
  }
/>
`;
